
> survey-tool-frontend@0.0.0 build
> tsc && vite build

vite v5.4.21 building for production...
transforming...
✓ 1808 modules transformed.
rendering chunks...
computing gzip size...
dist/index.html                     0.46 kB │ gzip:   0.29 kB
dist/assets/index-ZdxJam3T.css     39.45 kB │ gzip:   7.62 kB
dist/assets/index-DYkc8rtv.js   1,134.26 kB │ gzip: 332.91 kB

(!) Some chunks are larger than 500 kB after minification. Consider:
- Using dynamic import() to code-split the application
- Use build.rollupOptions.output.manualChunks to improve chunking: https://rollupjs.org/configuration-options/#output-manualchunks
- Adjust chunk size limit for this warning via build.chunkSizeWarningLimit.
✓ built in 3.19s
